// Jest Snapshot v1, https://goo.gl/fbAQLP

exports[`Render VideoPlayer 1`] = `
<video
  autoPlay={true}
  height="175"
  muted={true}
  poster="https://htmlacademy-react-3.appspot.com/wtw/static/film/poster/Gangs_of_New_York_Poster.jpg"
  src="https://upload.wikimedia.org/wikipedia/commons/0/05/Leipzig_Hauptbahnhof_Time_Lapse_with_iPhone_4s_2012.webm"
  width="280"
/>
`;
